
# Begin generated Teleport configuration for tele.blackmesa.gov by tbot

# Common flags for all black-mesa hosts
Host *.black-mesa tele.blackmesa.gov
    UserKnownHostsFile "/test/dir/known_hosts"
    IdentityFile "/test/dir/key"
    CertificateFile "/test/dir/sshcert"
    HostKeyAlgorithms ssh-rsa-cert-v01@openssh.com
    PubkeyAcceptedAlgorithms +ssh-rsa-cert-v01@openssh.com

# Flags for all black-mesa hosts except the proxy
Host *.black-mesa !tele.blackmesa.gov
    Port 3022
    ProxyCommand "/path/to/tbot" proxy --destination-dir=/test/dir --proxy=tele.blackmesa.gov ssh --cluster=black-mesa  %r@%h:%p

# End generated Teleport configuration
